#-----------------------------------------------------------
# Vivado v2018.2 (64-bit)
# SW Build 2258646 on Thu Jun 14 20:03:12 MDT 2018
# IP Build 2256618 on Thu Jun 14 22:10:49 MDT 2018
# Start of session at: Sun Mar 22 22:45:44 2020
# Process ID: 1396
# Current directory: C:/Users/karth/Desktop/EE2026_Main_Project
# Command line: vivado.exe -gui_launcher_event rodinguilauncherevent2208 C:\Users\karth\Desktop\EE2026_Main_Project\SoundDisplay.xpr
# Log file: C:/Users/karth/Desktop/EE2026_Main_Project/vivado.log
# Journal file: C:/Users/karth/Desktop/EE2026_Main_Project\vivado.jou
#-----------------------------------------------------------
start_gui
open_project C:/Users/karth/Desktop/EE2026_Main_Project/SoundDisplay.xpr
update_compile_order -fileset sources_1
close [ open C:/Users/karth/Desktop/EE2026_Main_Project/SoundDisplay.srcs/sources_1/new/anplitude_mode.v w ]
add_files C:/Users/karth/Desktop/EE2026_Main_Project/SoundDisplay.srcs/sources_1/new/anplitude_mode.v
update_compile_order -fileset sources_1
update_compile_order -fileset sources_1
reset_run synth_1
launch_runs impl_1 -to_step write_bitstream -jobs 8
wait_on_run impl_1
reset_run synth_1
launch_runs impl_1 -to_step write_bitstream -jobs 8
wait_on_run impl_1
reset_run synth_1
launch_runs impl_1 -to_step write_bitstream -jobs 8
wait_on_run impl_1
reset_run synth_1
launch_runs impl_1 -to_step write_bitstream -jobs 6
wait_on_run impl_1
reset_run synth_1
launch_runs synth_1 -jobs 6
wait_on_run synth_1
reset_run synth_1
launch_runs impl_1 -to_step write_bitstream -jobs 6
wait_on_run impl_1
